---
source: parser/src/lib.rs
expression: fun_expr
---
fun calculate_circumference(diameter: f64) => f64 {
    const pi = 3.141592653589793f32;
    const radius = (/ diameter 2);
    const circumference = (* (* 2 pi) radius);
    return circumference;
}
