---
source: rmb-parser/src/expression.rs
expression: variables_ast
---
var hello = (+ 1 (* 2 3));
